// Jest Snapshot v1, https://goo.gl/fbAQLP

exports[`Snapshot test Snapshot 1`] = `
Object {
  "gender": "Male",
  "id": 1,
  "name": "Rick Sanchez",
  "species": "Human",
  "status": "Alive",
}
`;

exports[`Snapshot test Snapshot exception 1`] = `
Object {
  "id": Any<Number>,
  "name": "Miguel Angel",
}
`;

exports[`Snapshot test Snapshot failure 1`] = `
Object {
  "createdAt": 2019-11-26T22:08:13.710Z,
  "id": 5,
}
`;
